
> test-jedi-backend@1.0.0 test
> jest __tests__/integration/admin/admin.test.ts

2026-03-10 14:08:32:832 [32minfo[39m: [32mPrisma client initialized[39m
2026-03-10 14:08:33:833 [32minfo[39m: [32mEmail service in TEST mode (console output only)[39m
2026-03-10 14:08:33:833 [32minfo[39m: [32mPrisma initialized[39m
2026-03-10 14:08:33:833 [32minfo[39m: [32mRetention policy job scheduled (runs daily at 2 AM)[39m
2026-03-10 14:08:33:833 [32minfo[39m: [32mAll scheduled jobs initialized[39m
2026-03-10 14:08:33:833 [32minfo[39m: [32mBackground jobs initialized[39m
2026-03-10 14:08:33:833 [32minfo[39m: [32mServer running on http://localhost:3000 in test mode[39m
2026-03-10 14:08:33:833 [32minfo[39m: [32m[POST] /api/v1/admin/orgs/16a1fb44-ddd9-45b3-9093-9ef9b38fdaa1/users/invite - IP: ::ffff:127.0.0.1 - User-Agent: undefined[39m
2026-03-10 14:08:33:833 [31merror[39m: [31mError inviting user: Cannot read properties of undefined (reading '0')[39m
2026-03-10 14:08:33:833 [31merror[39m: [31mUnexpected error: Cannot read properties of undefined (reading '0')[39m
2026-03-10 14:08:33:833 [32minfo[39m: [32m[POST] /api/v1/admin/orgs/16a1fb44-ddd9-45b3-9093-9ef9b38fdaa1/users/invite - Status: 500 - Duration: 31ms[39m
2026-03-10 14:08:33:833 [32minfo[39m: [32m[POST] /api/v1/admin/orgs/16a1fb44-ddd9-45b3-9093-9ef9b38fdaa1/users/invite - IP: ::ffff:127.0.0.1 - User-Agent: undefined[39m
2026-03-10 14:08:33:833 [32minfo[39m: [32m[POST] /orgs/16a1fb44-ddd9-45b3-9093-9ef9b38fdaa1/users/invite - Status: 403 - Duration: 0ms[39m
2026-03-10 14:08:33:833 [32minfo[39m: [32m[PUT] /api/v1/admin/orgs/16a1fb44-ddd9-45b3-9093-9ef9b38fdaa1/users/e7b38af6-77c7-41c3-a411-896dc324b6ae/role - IP: ::ffff:127.0.0.1 - User-Agent: undefined[39m
2026-03-10 14:08:33:833 [31merror[39m: [31mError updating user role: Only ADMIN or OWNER can update roles[39m
2026-03-10 14:08:33:833 [32minfo[39m: [32m[PUT] /api/v1/admin/orgs/16a1fb44-ddd9-45b3-9093-9ef9b38fdaa1/users/e7b38af6-77c7-41c3-a411-896dc324b6ae/role - Status: 403 - Duration: 2ms[39m
2026-03-10 14:08:33:833 [32minfo[39m: [32m[PUT] /api/v1/admin/orgs/16a1fb44-ddd9-45b3-9093-9ef9b38fdaa1/users/dde068ca-8f8d-4a33-98ca-18d544dd478d/role - IP: ::ffff:127.0.0.1 - User-Agent: undefined[39m
2026-03-10 14:08:33:833 [32minfo[39m: [32m[PUT] /orgs/16a1fb44-ddd9-45b3-9093-9ef9b38fdaa1/users/dde068ca-8f8d-4a33-98ca-18d544dd478d/role - Status: 403 - Duration: 1ms[39m
2026-03-10 14:08:33:833 [32minfo[39m: [32m[POST] /api/v1/admin/orgs/16a1fb44-ddd9-45b3-9093-9ef9b38fdaa1/custom-fields - IP: ::ffff:127.0.0.1 - User-Agent: undefined[39m
2026-03-10 14:08:33:833 [31merror[39m: [31mError creating custom field: Only ADMIN or OWNER can create custom fields[39m
2026-03-10 14:08:33:833 [32minfo[39m: [32m[POST] /api/v1/admin/orgs/16a1fb44-ddd9-45b3-9093-9ef9b38fdaa1/custom-fields - Status: 403 - Duration: 1ms[39m
2026-03-10 14:08:33:833 [32minfo[39m: [32m[GET] /api/v1/admin/orgs/16a1fb44-ddd9-45b3-9093-9ef9b38fdaa1/audit-logs - IP: ::ffff:127.0.0.1 - User-Agent: undefined[39m
2026-03-10 14:08:33:833 [31merror[39m: [31mError getting audit logs: this.prisma.auditLog.count is not a function[39m
2026-03-10 14:08:33:833 [31merror[39m: [31mUnexpected error: this.prisma.auditLog.count is not a function[39m
2026-03-10 14:08:33:833 [32minfo[39m: [32m[GET] /api/v1/admin/orgs/16a1fb44-ddd9-45b3-9093-9ef9b38fdaa1/audit-logs - Status: 500 - Duration: 7ms[39m
2026-03-10 14:08:33:833 [32minfo[39m: [32m[GET] /api/v1/admin/orgs/16a1fb44-ddd9-45b3-9093-9ef9b38fdaa1/audit-logs/export/csv - IP: ::ffff:127.0.0.1 - User-Agent: undefined[39m
2026-03-10 14:08:33:833 [32minfo[39m: [32m[POST] /api/v1/admin/orgs/16a1fb44-ddd9-45b3-9093-9ef9b38fdaa1/custom-fields - IP: ::ffff:127.0.0.1 - User-Agent: undefined[39m
2026-03-10 14:08:33:833 [31merror[39m: [31mError creating custom field: Only ADMIN or OWNER can create custom fields[39m
2026-03-10 14:08:33:833 [32minfo[39m: [32m[POST] /api/v1/admin/orgs/16a1fb44-ddd9-45b3-9093-9ef9b38fdaa1/custom-fields - Status: 403 - Duration: 1ms[39m
2026-03-10 14:08:33:833 [32minfo[39m: [32m[POST] /api/v1/admin/orgs/16a1fb44-ddd9-45b3-9093-9ef9b38fdaa1/custom-fields - IP: ::ffff:127.0.0.1 - User-Agent: undefined[39m
2026-03-10 14:08:33:833 [31merror[39m: [31mError creating custom field: Only ADMIN or OWNER can create custom fields[39m
2026-03-10 14:08:33:833 [32minfo[39m: [32m[POST] /api/v1/admin/orgs/16a1fb44-ddd9-45b3-9093-9ef9b38fdaa1/custom-fields - Status: 403 - Duration: 1ms[39m
2026-03-10 14:08:33:833 [32minfo[39m: [32m[POST] /api/v1/admin/orgs/16a1fb44-ddd9-45b3-9093-9ef9b38fdaa1/retention-policies - IP: ::ffff:127.0.0.1 - User-Agent: undefined[39m
2026-03-10 14:08:33:833 [31merror[39m: [31mError setting retention policy: Only ADMIN or OWNER can set retention policies[39m
2026-03-10 14:08:33:833 [32minfo[39m: [32m[POST] /api/v1/admin/orgs/16a1fb44-ddd9-45b3-9093-9ef9b38fdaa1/retention-policies - Status: 403 - Duration: 2ms[39m
2026-03-10 14:08:33:833 [32minfo[39m: [32m[GET] /api/v1/admin/orgs/16a1fb44-ddd9-45b3-9093-9ef9b38fdaa1/retention-policies - IP: ::ffff:127.0.0.1 - User-Agent: undefined[39m
2026-03-10 14:08:33:833 [32minfo[39m: [32m[GET] /orgs/16a1fb44-ddd9-45b3-9093-9ef9b38fdaa1/retention-policies - Status: 200 - Duration: 0ms[39m
2026-03-10 14:08:33:833 [32minfo[39m: [32m[GET] /api/v1/admin/orgs/16a1fb44-ddd9-45b3-9093-9ef9b38fdaa1/users - IP: ::ffff:127.0.0.1 - User-Agent: undefined[39m
2026-03-10 14:08:33:833 [32minfo[39m: [32m[GET] /orgs/16a1fb44-ddd9-45b3-9093-9ef9b38fdaa1/users - Status: 200 - Duration: 1ms[39m
2026-03-10 14:08:33:833 [32minfo[39m: [32m[DELETE] /api/v1/admin/orgs/16a1fb44-ddd9-45b3-9093-9ef9b38fdaa1/users/33dfd566-2e2f-44e5-bc6f-91865cf63813 - IP: ::ffff:127.0.0.1 - User-Agent: undefined[39m
2026-03-10 14:08:33:833 [31merror[39m: [31mError deactivating user: Only ADMIN or OWNER can deactivate users[39m
2026-03-10 14:08:33:833 [32minfo[39m: [32m[DELETE] /api/v1/admin/orgs/16a1fb44-ddd9-45b3-9093-9ef9b38fdaa1/users/33dfd566-2e2f-44e5-bc6f-91865cf63813 - Status: 403 - Duration: 1ms[39m
2026-03-10 14:08:33:833 [32minfo[39m: [32m[GET] /api/v1/admin/orgs/16a1fb44-ddd9-45b3-9093-9ef9b38fdaa1/users/ee7e0c5d-62e1-4f49-96c1-bca54739a9d6/activity - IP: ::ffff:127.0.0.1 - User-Agent: undefined[39m
2026-03-10 14:08:33:833 [31merror[39m: [31mError getting user activity: this.prisma.auditLog.count is not a function[39m
2026-03-10 14:08:33:833 [31merror[39m: [31mUnexpected error: this.prisma.auditLog.count is not a function[39m
2026-03-10 14:08:33:833 [32minfo[39m: [32m[GET] /api/v1/admin/orgs/16a1fb44-ddd9-45b3-9093-9ef9b38fdaa1/users/ee7e0c5d-62e1-4f49-96c1-bca54739a9d6/activity - Status: 500 - Duration: 1ms[39m
2026-03-10 14:08:33:833 [32minfo[39m: [32m[POST] /api/v1/admin/orgs/16a1fb44-ddd9-45b3-9093-9ef9b38fdaa1/projects - IP: ::ffff:127.0.0.1 - User-Agent: undefined[39m
2026-03-10 14:08:33:833 [32minfo[39m: [32mProject created: 821d3666-85e7-49ad-9945-6b0504e2276c in org 16a1fb44-ddd9-45b3-9093-9ef9b38fdaa1[39m
2026-03-10 14:08:33:833 [32minfo[39m: [32m[POST] /orgs/16a1fb44-ddd9-45b3-9093-9ef9b38fdaa1/projects - Status: 201 - Duration: 2ms[39m
2026-03-10 14:08:33:833 [32minfo[39m: [32m[PUT] /api/v1/admin/orgs/16a1fb44-ddd9-45b3-9093-9ef9b38fdaa1/projects/821d3666-85e7-49ad-9945-6b0504e2276c - IP: ::ffff:127.0.0.1 - User-Agent: undefined[39m
2026-03-10 14:08:33:833 [31merror[39m: [31mError updating project: Access denied. Required roles: ADMIN, OWNER[39m
2026-03-10 14:08:33:833 [32minfo[39m: [32m[PUT] /api/v1/admin/orgs/16a1fb44-ddd9-45b3-9093-9ef9b38fdaa1/projects/821d3666-85e7-49ad-9945-6b0504e2276c - Status: 403 - Duration: 2ms[39m
2026-03-10 14:08:33:833 [32minfo[39m: [32m[GET] /api/v1/admin/orgs/16a1fb44-ddd9-45b3-9093-9ef9b38fdaa1/projects/821d3666-85e7-49ad-9945-6b0504e2276c/members - IP: ::ffff:127.0.0.1 - User-Agent: undefined[39m
2026-03-10 14:08:33:833 [31merror[39m: [31mError getting project members: this.prisma.projectMember.findMany is not a function[39m
2026-03-10 14:08:33:833 [31merror[39m: [31mUnexpected error: this.prisma.projectMember.findMany is not a function[39m
2026-03-10 14:08:33:833 [32minfo[39m: [32m[GET] /api/v1/admin/orgs/16a1fb44-ddd9-45b3-9093-9ef9b38fdaa1/projects/821d3666-85e7-49ad-9945-6b0504e2276c/members - Status: 500 - Duration: 2ms[39m
2026-03-10 14:08:33:833 [32minfo[39m: [32m[POST] /api/v1/admin/orgs/16a1fb44-ddd9-45b3-9093-9ef9b38fdaa1/projects/821d3666-85e7-49ad-9945-6b0504e2276c/members - IP: ::ffff:127.0.0.1 - User-Agent: undefined[39m
2026-03-10 14:08:33:833 [31merror[39m: [31mError adding project member: Access denied. Required roles: ADMIN, OWNER[39m
2026-03-10 14:08:33:833 [32minfo[39m: [32m[POST] /api/v1/admin/orgs/16a1fb44-ddd9-45b3-9093-9ef9b38fdaa1/projects/821d3666-85e7-49ad-9945-6b0504e2276c/members - Status: 403 - Duration: 1ms[39m
2026-03-10 14:08:33:833 [32minfo[39m: [32m[POST] /api/v1/admin/orgs/16a1fb44-ddd9-45b3-9093-9ef9b38fdaa1/projects/821d3666-85e7-49ad-9945-6b0504e2276c/archive - IP: ::ffff:127.0.0.1 - User-Agent: undefined[39m
2026-03-10 14:08:33:833 [31merror[39m: [31mError archiving project: Access denied. Required roles: ADMIN, OWNER[39m
2026-03-10 14:08:33:833 [32minfo[39m: [32m[POST] /api/v1/admin/orgs/16a1fb44-ddd9-45b3-9093-9ef9b38fdaa1/projects/821d3666-85e7-49ad-9945-6b0504e2276c/archive - Status: 403 - Duration: 2ms[39m
2026-03-10 14:08:33:833 [32minfo[39m: [32m[GET] /api/v1/admin/orgs/16a1fb44-ddd9-45b3-9093-9ef9b38fdaa1/custom-fields - IP: ::ffff:127.0.0.1 - User-Agent: undefined[39m
2026-03-10 14:08:33:833 [32minfo[39m: [32m[GET] /orgs/16a1fb44-ddd9-45b3-9093-9ef9b38fdaa1/custom-fields - Status: 200 - Duration: 1ms[39m
2026-03-10 14:08:33:833 [32minfo[39m: [32m[POST] /api/v1/admin/orgs/16a1fb44-ddd9-45b3-9093-9ef9b38fdaa1/custom-fields - IP: ::ffff:127.0.0.1 - User-Agent: undefined[39m
2026-03-10 14:08:33:833 [31merror[39m: [31mError creating custom field: Only ADMIN or OWNER can create custom fields[39m
2026-03-10 14:08:33:833 [32minfo[39m: [32m[POST] /api/v1/admin/orgs/16a1fb44-ddd9-45b3-9093-9ef9b38fdaa1/custom-fields - Status: 403 - Duration: 1ms[39m
2026-03-10 14:08:33:833 [32minfo[39m: [32m[PUT] /api/v1/admin/orgs/16a1fb44-ddd9-45b3-9093-9ef9b38fdaa1/custom-fields/undefined - IP: ::ffff:127.0.0.1 - User-Agent: undefined[39m
2026-03-10 14:08:33:833 [31merror[39m: [31mError updating custom field: Only ADMIN or OWNER can update custom fields[39m
2026-03-10 14:08:33:833 [32minfo[39m: [32m[PUT] /api/v1/admin/orgs/16a1fb44-ddd9-45b3-9093-9ef9b38fdaa1/custom-fields/undefined - Status: 403 - Duration: 2ms[39m
2026-03-10 14:08:34:834 [32minfo[39m: [32m[DELETE] /api/v1/admin/orgs/16a1fb44-ddd9-45b3-9093-9ef9b38fdaa1/custom-fields/undefined - IP: ::ffff:127.0.0.1 - User-Agent: undefined[39m
2026-03-10 14:08:34:834 [31merror[39m: [31mError deleting custom field: Only ADMIN or OWNER can delete custom fields[39m
2026-03-10 14:08:34:834 [32minfo[39m: [32m[DELETE] /api/v1/admin/orgs/16a1fb44-ddd9-45b3-9093-9ef9b38fdaa1/custom-fields/undefined - Status: 403 - Duration: 3ms[39m
node.exe : FAIL __tests__/integration/admin/admin.test.ts (8.158 s)
At C:\Program Files\nodejs\npm.ps1:29 char:3
+   & $NODE_EXE $NPM_CLI_JS $args
+   ~~~~~~~~~~~~~~~~~~~~~~~~~~~~~
    + CategoryInfo          : NotSpecified: (FAIL __tests__/...st.ts (8.158 s) 
   :String) [], RemoteException
    + FullyQualifiedErrorId : NativeCommandError
 
  Admin & User Management APIs
    Acceptance Criteria Tests
      AC1: User Invitation with Email
        ├ù should create pending invitation and trigger email (113 ms)
        ΓêÜ should not allow non-admin to invite users (6 ms)
      AC2: Role Update Authorization
        ├ù should allow OWNER to update user role (6 ms)
        ΓêÜ should not allow non-admin to update roles (6 ms)
      AC3: Audit Logging
        ├ù should create audit log when creating custom field (7 ms)
        ├ù should retrieve audit logs with filters (14 ms)
        ΓêÜ should export audit logs as CSV (5 ms)
      AC4: Audit Log Immutability (DB Trigger)
        ├ù should prevent direct update of audit logs (7 ms)
        ├ù should prevent direct delete of audit logs (6 ms)
      AC5: Retention Policy Background Job
        ├ù should create retention policy (6 ms)
        ΓêÜ should retrieve retention policies (4 ms)
        ├ù should have scheduled retention job (2 ms)
    User Management Endpoints
      ΓêÜ GET /api/v1/admin/users should list users (5 ms)
      ├ù DELETE /api/v1/admin/users/:id should deactivate user (5 ms)
      ├ù GET /api/v1/admin/users/:id/activity should get user activity log (5 
ms)
    Project Management Endpoints
      ΓêÜ POST /api/v1/admin/projects should create project (5 ms)
      ├ù PUT /api/v1/admin/projects/:id should update project (6 ms)
      ├ù GET /api/v1/admin/projects/:id/members should list project members (5 
ms)
      ├ù POST /api/v1/admin/projects/:id/members should add project member (7 
ms)
      ├ù POST /api/v1/admin/projects/:id/archive should archive project (7 ms)
    Custom Fields Endpoints
      ΓêÜ GET /api/v1/admin/custom-fields should list fields (5 ms)
      ├ù POST /api/v1/admin/custom-fields should create field (5 ms)
      ├ù PUT /api/v1/admin/custom-fields/:id should update field (13 ms)
      ├ù DELETE /api/v1/admin/custom-fields/:id should delete field (9 ms)

  ΓùÅ Admin & User Management APIs ΓÇ║ Acceptance Criteria Tests ΓÇ║ AC1: User 
Invitation with Email ΓÇ║ should create pending invitation and trigger email

    expect(received).toBe(expected) // Object.is equality

    Expected: 201
    Received: 500

    [0m [90m 76 |[39m           })[33m;[39m
     [90m 77 |[39m
    [31m[1m>[22m[39m[90m 78 |[39m         expect(inviteResponse[33m.[39
mstatus)[33m.[39mtoBe([35m201[39m)[33m;[39m
     [90m    |[39m                                       [31m[1m^[22m[39m
     [90m 79 |[39m         expect(inviteResponse[33m.[39mbody[33m.[39msta
tus)[33m.[39mtoBe([32m'success'[39m)[33m;[39m
     [90m 80 |[39m         expect(inviteResponse[33m.[39mbody[33m.[39mdat
a)[33m.[39mtoHaveProperty([32m'id'[39m)[33m;[39m
     [90m 81 |[39m         expect(inviteResponse[33m.[39mbody[33m.[39mdat
a)[33m.[39mtoHaveProperty([32m'email'[39m[33m,[39m 
invitedEmail)[33m;[39m[0m

      at Object.<anonymous> (__tests__/integration/admin/admin.test.ts:78:39)

  ΓùÅ Admin & User Management APIs ΓÇ║ Acceptance Criteria Tests ΓÇ║ AC2: Role 
Update Authorization ΓÇ║ should allow OWNER to update user role

    expect(received).toBe(expected) // Object.is equality

    Expected: 200
    Received: 403

    [0m [90m 164 |[39m           })[33m;[39m
     [90m 165 |[39m
    [31m[1m>[22m[39m[90m 166 |[39m         expect(roleUpdateResponse[33m
.[39mstatus)[33m.[39mtoBe([35m200[39m)[33m;[39m
     [90m     |[39m                                           
[31m[1m^[22m[39m
     [90m 167 |[39m         expect(roleUpdateResponse[33m.[39mbody[33m.[3
9mdata[33m.[39mrole)[33m.[39mtoBe([32m'QA_LEAD'[39m)[33m;[39m
     [90m 168 |[39m
     [90m 169 |[39m         [90m// Verify in database[39m[0m

      at Object.<anonymous> (__tests__/integration/admin/admin.test.ts:166:43)

  ΓùÅ Admin & User Management APIs ΓÇ║ Acceptance Criteria Tests ΓÇ║ AC3: 
Audit Logging ΓÇ║ should create audit log when creating custom field

    expect(received).toBe(expected) // Object.is equality

    Expected: 201
    Received: 403

    [0m [90m 247 |[39m           })[33m;[39m
     [90m 248 |[39m
    [31m[1m>[22m[39m[90m 249 |[39m         
expect(fieldResponse[33m.[39mstatus)[33m.[39mtoBe([35m201[39m)[33m;[39m
     [90m     |[39m                                      [31m[1m^[22m[39m
     [90m 250 |[39m         [36mconst[39m fieldId [33m=[39m 
fieldResponse[33m.[39mbody[33m.[39mdata[33m.[39mid[33m;[39m
     [90m 251 |[39m
     [90m 252 |[39m         [90m// Check audit log was created[39m[0m

      at Object.<anonymous> (__tests__/integration/admin/admin.test.ts:249:38)

  ΓùÅ Admin & User Management APIs ΓÇ║ Acceptance Criteria Tests ΓÇ║ AC3: 
Audit Logging ΓÇ║ should retrieve audit logs with filters

    expect(received).toBe(expected) // Object.is equality

    Expected: 200
    Received: 500

    [0m [90m 274 |[39m           })[33m;[39m
     [90m 275 |[39m
    [31m[1m>[22m[39m[90m 276 |[39m         
expect(response[33m.[39mstatus)[33m.[39mtoBe([35m200[39m)[33m;[39m
     [90m     |[39m                                 [31m[1m^[22m[39m
     [90m 277 |[39m         expect(response[33m.[39mbody[33m.[39mdata)[3
3m.[39mtoBeInstanceOf([33mArray[39m)[33m;[39m
     [90m 278 |[39m         expect(response[33m.[39mbody[33m.[39mpaginati
on)[33m.[39mtoHaveProperty([32m'page'[39m)[33m;[39m
     [90m 279 |[39m         expect(response[33m.[39mbody[33m.[39mpaginati
on)[33m.[39mtoHaveProperty([32m'limit'[39m)[33m;[39m[0m

      at Object.<anonymous> (__tests__/integration/admin/admin.test.ts:276:33)

  ΓùÅ Admin & User Management APIs ΓÇ║ Acceptance Criteria Tests ΓÇ║ AC4: 
Audit Log Immutability (DB Trigger) ΓÇ║ should prevent direct update of audit 
logs

    expect(received).toContain(expected) // indexOf

    Expected substring: "immutable"
    Received string:    "Cannot read properties of null (reading 'id')"

    [0m [90m 326 |[39m         } [36mcatch[39m (error[33m:[39m any) {
     [90m 327 |[39m           [90m// Expected - trigger should prevent 
this[39m
    [31m[1m>[22m[39m[90m 328 |[39m           expect(error[33m.[39mmessa
ge)[33m.[39mtoContain([32m'immutable'[39m)[33m;[39m
     [90m     |[39m                                 [31m[1m^[22m[39m
     [90m 329 |[39m         }
     [90m 330 |[39m       })[33m;[39m
     [90m 331 |[39m[0m

      at Object.<anonymous> (__tests__/integration/admin/admin.test.ts:328:33)

  ΓùÅ Admin & User Management APIs ΓÇ║ Acceptance Criteria Tests ΓÇ║ AC4: 
Audit Log Immutability (DB Trigger) ΓÇ║ should prevent direct delete of audit 
logs

    expect(received).toContain(expected) // indexOf

    Expected substring: "immutable"
    Received string:    "Cannot read properties of null (reading 'id')"

    [0m [90m 355 |[39m         } [36mcatch[39m (error[33m:[39m any) {
     [90m 356 |[39m           [90m// Expected[39m
    [31m[1m>[22m[39m[90m 357 |[39m           expect(error[33m.[39mmessa
ge)[33m.[39mtoContain([32m'immutable'[39m)[33m;[39m
     [90m     |[39m                                 [31m[1m^[22m[39m
     [90m 358 |[39m         }
     [90m 359 |[39m       })[33m;[39m
     [90m 360 |[39m     })[33m;[39m[0m

      at Object.<anonymous> (__tests__/integration/admin/admin.test.ts:357:33)

  ΓùÅ Admin & User Management APIs ΓÇ║ Acceptance Criteria Tests ΓÇ║ AC5: 
Retention Policy Background Job ΓÇ║ should create retention policy

    expect(received).toBe(expected) // Object.is equality

    Expected: 201
    Received: 403

    [0m [90m 379 |[39m           })[33m;[39m
     [90m 380 |[39m
    [31m[1m>[22m[39m[90m 381 |[39m         expect(policyResponse[33m.[3
9mstatus)[33m.[39mtoBe([35m201[39m)[33m;[39m
     [90m     |[39m                                       
[31m[1m^[22m[39m
     [90m 382 |[39m         expect(policyResponse[33m.[39mbody[33m.[39mda
ta)[33m.[39mtoHaveProperty([32m'id'[39m)[33m;[39m
     [90m 383 |[39m         expect(policyResponse[33m.[39mbody[33m.[39mda
ta)[33m.[39mtoHaveProperty([32m'name'[39m)[33m;[39m
     [90m 384 |[39m         expect(policyResponse[33m.[39mbody[33m.[39mda
ta)[33m.[39mtoHaveProperty([32m'entityType'[39m[33m,[39m 
[32m'TestRun'[39m)[33m;[39m[0m

      at Object.<anonymous> (__tests__/integration/admin/admin.test.ts:381:39)

  ΓùÅ Admin & User Management APIs ΓÇ║ Acceptance Criteria Tests ΓÇ║ AC5: 
Retention Policy Background Job ΓÇ║ should have scheduled retention job

    Cannot find module '../../src/workers/JobScheduler' from 
'__tests__/integration/admin/admin.test.ts'

    [0m [90m 397 |[39m
     [90m 398 |[39m       test([32m'should have scheduled retention 
job'[39m[33m,[39m () [33m=>[39m {
    [31m[1m>[22m[39m[90m 399 |[39m         [36mconst[39m { 
jobScheduler } [33m=[39m 
require([32m'../../src/workers/JobScheduler'[39m)[33m;[39m
     [90m     |[39m                                  [31m[1m^[22m[39m
     [90m 400 |[39m         expect(jobScheduler[33m.[39mhasJob([32m'retent
ion-policy'[39m))[33m.[39mtoBe([36mtrue[39m)[33m;[39m
     [90m 401 |[39m       })[33m;[39m
     [90m 402 |[39m     })[33m;[39m[0m

      at Resolver._throwModNotFoundError 
(node_modules/jest-resolve/build/resolver.js:427:11)
      at Object.<anonymous> (__tests__/integration/admin/admin.test.ts:399:34)

  ΓùÅ Admin & User Management APIs ΓÇ║ User Management Endpoints ΓÇ║ DELETE 
/api/v1/admin/users/:id should deactivate user

    expect(received).toBe(expected) // Object.is equality

    Expected: 200
    Received: 403

    [0m [90m 435 |[39m         
[33m.[39m[36mset[39m([32m'Authorization'[39m[33m,[39m [32m`Bearer 
${authToken}`[39m)[33m;[39m
     [90m 436 |[39m
    [31m[1m>[22m[39m[90m 437 |[39m       
expect(response[33m.[39mstatus)[33m.[39mtoBe([35m200[39m)[33m;[39m
     [90m     |[39m                               [31m[1m^[22m[39m
     [90m 438 |[39m
     [90m 439 |[39m       [90m// User should not be in org anymore[39m
     [90m 440 |[39m       [36mconst[39m membership [33m=[39m 
[36mawait[39m prisma[33m.[39morganizationMember[33m.[39mfindUnique({[0m

      at Object.<anonymous> (__tests__/integration/admin/admin.test.ts:437:31)

  ΓùÅ Admin & User Management APIs ΓÇ║ User Management Endpoints ΓÇ║ GET 
/api/v1/admin/users/:id/activity should get user activity log

    expect(received).toBe(expected) // Object.is equality

    Expected: 200
    Received: 500

    [0m [90m 455 |[39m         
[33m.[39m[36mset[39m([32m'Authorization'[39m[33m,[39m [32m`Bearer 
${authToken}`[39m)[33m;[39m
     [90m 456 |[39m
    [31m[1m>[22m[39m[90m 457 |[39m       
expect(response[33m.[39mstatus)[33m.[39mtoBe([35m200[39m)[33m;[39m
     [90m     |[39m                               [31m[1m^[22m[39m
     [90m 458 |[39m       expect(response[33m.[39mbody[33m.[39mdata)[33m
.[39mtoBeInstanceOf([33mArray[39m)[33m;[39m
     [90m 459 |[39m       expect(response[33m.[39mbody[33m.[39mpagination
)[33m.[39mtoBeDefined()[33m;[39m
     [90m 460 |[39m     })[33m;[39m[0m

      at Object.<anonymous> (__tests__/integration/admin/admin.test.ts:457:31)

  ΓùÅ Admin & User Management APIs ΓÇ║ Project Management Endpoints ΓÇ║ PUT 
/api/v1/admin/projects/:id should update project

    expect(received).toBe(expected) // Object.is equality

    Expected: 200
    Received: 403

    [0m [90m 487 |[39m         })[33m;[39m
     [90m 488 |[39m
    [31m[1m>[22m[39m[90m 489 |[39m       
expect(response[33m.[39mstatus)[33m.[39mtoBe([35m200[39m)[33m;[39m
     [90m     |[39m                               [31m[1m^[22m[39m
     [90m 490 |[39m     })[33m;[39m
     [90m 491 |[39m
     [90m 492 |[39m     test([32m'GET /api/v1/admin/projects/:id/members 
should list project members'[39m[33m,[39m [36masync[39m () [33m=>[39m 
{[0m

      at Object.<anonymous> (__tests__/integration/admin/admin.test.ts:489:31)

  ΓùÅ Admin & User Management APIs ΓÇ║ Project Management Endpoints ΓÇ║ GET 
/api/v1/admin/projects/:id/members should list project members

    expect(received).toBe(expected) // Object.is equality

    Expected: 200
    Received: 500

    [0m [90m 495 |[39m         
[33m.[39m[36mset[39m([32m'Authorization'[39m[33m,[39m [32m`Bearer 
${authToken}`[39m)[33m;[39m
     [90m 496 |[39m
    [31m[1m>[22m[39m[90m 497 |[39m       
expect(response[33m.[39mstatus)[33m.[39mtoBe([35m200[39m)[33m;[39m
     [90m     |[39m                               [31m[1m^[22m[39m
     [90m 498 |[39m       expect(response[33m.[39mbody[33m.[39mdata)[33m
.[39mtoBeInstanceOf([33mArray[39m)[33m;[39m
     [90m 499 |[39m     })[33m;[39m
     [90m 500 |[39m[0m

      at Object.<anonymous> (__tests__/integration/admin/admin.test.ts:497:31)

  ΓùÅ Admin & User Management APIs ΓÇ║ Project Management Endpoints ΓÇ║ POST 
/api/v1/admin/projects/:id/members should add project member

    expect(received).toBe(expected) // Object.is equality

    Expected: 201
    Received: 403

    [0m [90m 524 |[39m         })[33m;[39m
     [90m 525 |[39m
    [31m[1m>[22m[39m[90m 526 |[39m       
expect(response[33m.[39mstatus)[33m.[39mtoBe([35m201[39m)[33m;[39m
     [90m     |[39m                               [31m[1m^[22m[39m
     [90m 527 |[39m       expect(response[33m.[39mbody[33m.[39mdata[33m.
[39mid)[33m.[39mtoBe(newMember[33m.[39mid)[33m;[39m
     [90m 528 |[39m     })[33m;[39m
     [90m 529 |[39m[0m

      at Object.<anonymous> (__tests__/integration/admin/admin.test.ts:526:31)

  ΓùÅ Admin & User Management APIs ΓÇ║ Project Management Endpoints ΓÇ║ POST 
/api/v1/admin/projects/:id/archive should archive project

    expect(received).toBe(expected) // Object.is equality

    Expected: 200
    Received: 403

    [0m [90m 533 |[39m         
[33m.[39m[36mset[39m([32m'Authorization'[39m[33m,[39m [32m`Bearer 
${authToken}`[39m)[33m;[39m
     [90m 534 |[39m
    [31m[1m>[22m[39m[90m 535 |[39m       
expect(response[33m.[39mstatus)[33m.[39mtoBe([35m200[39m)[33m;[39m
     [90m     |[39m                               [31m[1m^[22m[39m
     [90m 536 |[39m     })[33m;[39m
     [90m 537 |[39m   })[33m;[39m
     [90m 538 |[39m[0m

      at Object.<anonymous> (__tests__/integration/admin/admin.test.ts:535:31)

  ΓùÅ Admin & User Management APIs ΓÇ║ Custom Fields Endpoints ΓÇ║ POST 
/api/v1/admin/custom-fields should create field

    expect(received).toBe(expected) // Object.is equality

    Expected: 201
    Received: 403

    [0m [90m 562 |[39m         })[33m;[39m
     [90m 563 |[39m
    [31m[1m>[22m[39m[90m 564 |[39m       
expect(response[33m.[39mstatus)[33m.[39mtoBe([35m201[39m)[33m;[39m
     [90m     |[39m                               [31m[1m^[22m[39m
     [90m 565 |[39m       fieldId [33m=[39m 
response[33m.[39mbody[33m.[39mdata[33m.[39mid[33m;[39m
     [90m 566 |[39m     })[33m;[39m
     [90m 567 |[39m[0m

      at Object.<anonymous> (__tests__/integration/admin/admin.test.ts:564:31)

  ΓùÅ Admin & User Management APIs ΓÇ║ Custom Fields Endpoints ΓÇ║ PUT 
/api/v1/admin/custom-fields/:id should update field

    expect(received).toBe(expected) // Object.is equality

    Expected: 200
    Received: 403

    [0m [90m 574 |[39m         })[33m;[39m
     [90m 575 |[39m
    [31m[1m>[22m[39m[90m 576 |[39m       
expect(response[33m.[39mstatus)[33m.[39mtoBe([35m200[39m)[33m;[39m
     [90m     |[39m                               [31m[1m^[22m[39m
     [90m 577 |[39m     })[33m;[39m
     [90m 578 |[39m
     [90m 579 |[39m     test([32m'DELETE /api/v1/admin/custom-fields/:id 
should delete field'[39m[33m,[39m [36masync[39m () [33m=>[39m {[0m

      at Object.<anonymous> (__tests__/integration/admin/admin.test.ts:576:31)

  ΓùÅ Admin & User Management APIs ΓÇ║ Custom Fields Endpoints ΓÇ║ DELETE 
/api/v1/admin/custom-fields/:id should delete field

    expect(received).toBe(expected) // Object.is equality

    Expected: 200
    Received: 403

    [0m [90m 582 |[39m         
[33m.[39m[36mset[39m([32m'Authorization'[39m[33m,[39m [32m`Bearer 
${authToken}`[39m)[33m;[39m
     [90m 583 |[39m
    [31m[1m>[22m[39m[90m 584 |[39m       
expect(response[33m.[39mstatus)[33m.[39mtoBe([35m200[39m)[33m;[39m
     [90m     |[39m                               [31m[1m^[22m[39m
     [90m 585 |[39m     })[33m;[39m
     [90m 586 |[39m   })[33m;[39m
     [90m 587 |[39m })[33m;[39m[0m

      at Object.<anonymous> (__tests__/integration/admin/admin.test.ts:584:31)

Test Suites: 1 failed, 1 total
Tests:       17 failed, 7 passed, 24 total
Snapshots:   0 total
Time:        8.576 s
Ran all test suites matching /__tests__\\integration\\admin\\admin.test.ts/i.
Jest did not exit one second after the test run has completed.

'This usually means that there are asynchronous operations that weren't 
stopped in your tests. Consider running Jest with `--detectOpenHandles` to 
troubleshoot this issue.
