
> test-jedi-backend@1.0.0 test
> jest

node.exe : PASS __tests__/unit/services/AuthService.test.ts
At C:\Program Files\nodejs\npm.ps1:29 char:3
+   & $NODE_EXE $NPM_CLI_JS $args
+   ~~~~~~~~~~~~~~~~~~~~~~~~~~~~~
    + CategoryInfo          : NotSpecified: (PASS __tests__/...Service.test.ts 
   :String) [], RemoteException
    + FullyQualifiedErrorId : NativeCommandError
 
  ΓùÅ Console

    console.log
      2026-03-09 13:05:14:514 [32minfo[39m: [32mUser registered: user-1 
(test@example.com)[39m

      at Console.log 
(node_modules/winston/lib/winston/transports/console.js:87:23)

    console.log
      2026-03-09 13:05:14:514 [32minfo[39m: [32mUser logged in: user-1 
(test@example.com)[39m

      at Console.log 
(node_modules/winston/lib/winston/transports/console.js:87:23)

    console.log
      2026-03-09 13:05:14:514 [32minfo[39m: [32mUser logged out: user-1[39m

      at Console.log 
(node_modules/winston/lib/winston/transports/console.js:87:23)

    console.log
      2026-03-09 13:05:14:514 [32minfo[39m: [32mPassword changed for user: 
user-1[39m

      at Console.log 
(node_modules/winston/lib/winston/transports/console.js:87:23)

FAIL __tests__/integration/auth/auth.test.ts
  ΓùÅ Console

    console.log
      2026-03-09 13:05:14:514 [32minfo[39m: [32mPrisma client 
initialized[39m

      at Console.log 
(node_modules/winston/lib/winston/transports/console.js:87:23)

    console.log
      2026-03-09 13:05:14:514 [32minfo[39m: [32mUser registered: 
user-1773057914891 (newuser@example.com)[39m

      at Console.log 
(node_modules/winston/lib/winston/transports/console.js:87:23)

    console.log
      2026-03-09 13:05:14:514 [32minfo[39m: [32mUser registered: 
user-1773057914929 (login@example.com)[39m

      at Console.log 
(node_modules/winston/lib/winston/transports/console.js:87:23)

    console.log
      2026-03-09 13:05:14:514 [32minfo[39m: [32mUser logged in: 
user-1773057914929 (login@example.com)[39m

      at Console.log 
(node_modules/winston/lib/winston/transports/console.js:87:23)

    console.log
      2026-03-09 13:05:14:514 [32minfo[39m: [32mUser registered: 
user-1773057914951 (wrongpass@example.com)[39m

      at Console.log 
(node_modules/winston/lib/winston/transports/console.js:87:23)

    console.log
      2026-03-09 13:05:14:514 [32minfo[39m: [32mUser registered: 
user-1773057914967 (refresh@example.com)[39m

      at Console.log 
(node_modules/winston/lib/winston/transports/console.js:87:23)

    console.log
      2026-03-09 13:05:14:514 [31merror[39m: [31mRefresh error: Cannot read 
properties of undefined (reading 'refreshToken')[39m

      at Console.log 
(node_modules/winston/lib/winston/transports/console.js:87:23)

    console.log
      2026-03-09 13:05:14:514 [31merror[39m: [31mRefresh error: Cannot read 
properties of undefined (reading 'refreshToken')[39m

      at Console.log 
(node_modules/winston/lib/winston/transports/console.js:87:23)

    console.log
      2026-03-09 13:05:15:515 [32minfo[39m: [32mUser registered: 
user-1773057915001 (profile@example.com)[39m

      at Console.log 
(node_modules/winston/lib/winston/transports/console.js:87:23)

    console.log
      2026-03-09 13:05:15:515 [32minfo[39m: [32mUser registered: 
user-1773057915027 (logout@example.com)[39m

      at Console.log 
(node_modules/winston/lib/winston/transports/console.js:87:23)

    console.log
      2026-03-09 13:05:15:515 [32minfo[39m: [32mUser logged out: user-1[39m

      at Console.log 
(node_modules/winston/lib/winston/transports/console.js:87:23)

    console.log
      2026-03-09 13:05:15:515 [32minfo[39m: [32mUser registered: 
user-1773057915045 (changepw@example.com)[39m

      at Console.log 
(node_modules/winston/lib/winston/transports/console.js:87:23)

    console.log
      2026-03-09 13:05:15:515 [32minfo[39m: [32mUser registered: 
user-1773057915059 (wrongcurrentpw@example.com)[39m

      at Console.log 
(node_modules/winston/lib/winston/transports/console.js:87:23)

  ΓùÅ Auth Endpoints Integration Tests ΓÇ║ POST /api/v1/auth/refresh ΓÇ║ 
should refresh access token

    expect(received).toBe(expected) // Object.is equality

    Expected: 200
    Received: 500

    [0m [90m 140 |[39m         
[33m.[39m[36mset[39m([32m'Cookie'[39m[33m,[39m refreshToken)[33m;[39m
     [90m 141 |[39m
    [31m[1m>[22m[39m[90m 142 |[39m       
expect(response[33m.[39mstatus)[33m.[39mtoBe([35m200[39m)[33m;[39m
     [90m     |[39m                               [31m[1m^[22m[39m
     [90m 143 |[39m       expect(response[33m.[39mbody[33m.[39mdata[33m.
[39maccessToken)[33m.[39mtoBeDefined()[33m;[39m
     [90m 144 |[39m     })[33m;[39m
     [90m 145 |[39m[0m

      at Object.<anonymous> (__tests__/integration/auth/auth.test.ts:142:31)

  ΓùÅ Auth Endpoints Integration Tests ΓÇ║ POST /api/v1/auth/refresh ΓÇ║ 
should reject invalid refresh token

    expect(received).toBe(expected) // Object.is equality

    Expected: 401
    Received: 500

    [0m [90m 151 |[39m         })[33m;[39m
     [90m 152 |[39m
    [31m[1m>[22m[39m[90m 153 |[39m       
expect(response[33m.[39mstatus)[33m.[39mtoBe([35m401[39m)[33m;[39m
     [90m     |[39m                               [31m[1m^[22m[39m
     [90m 154 |[39m       expect(response[33m.[39mbody[33m.[39merror)[33
m.[39mtoBe([32m'INVALID_TOKEN'[39m)[33m;[39m
     [90m 155 |[39m     })[33m;[39m
     [90m 156 |[39m   })[33m;[39m[0m

      at Object.<anonymous> (__tests__/integration/auth/auth.test.ts:153:31)

  ΓùÅ Auth Endpoints Integration Tests ΓÇ║ GET /api/v1/auth/me ΓÇ║ should 
return user profile with valid token

    expect(received).toBe(expected) // Object.is equality

    Expected: 200
    Received: 404

    [0m [90m 175 |[39m         
[33m.[39m[36mset[39m([32m'Authorization'[39m[33m,[39m [32m`Bearer 
${accessToken}`[39m)[33m;[39m
     [90m 176 |[39m
    [31m[1m>[22m[39m[90m 177 |[39m       
expect(response[33m.[39mstatus)[33m.[39mtoBe([35m200[39m)[33m;[39m
     [90m     |[39m                               [31m[1m^[22m[39m
     [90m 178 |[39m       expect(response[33m.[39mbody[33m.[39mdata[33m.
[39memail)[33m.[39mtoBe([32m'profile@example.com'[39m)[33m;[39m
     [90m 179 |[39m       expect(response[33m.[39mbody[33m.[39mdata[33m.
[39mname)[33m.[39mtoBe([32m'Profile User'[39m)[33m;[39m
     [90m 180 |[39m     })[33m;[39m[0m

      at Object.<anonymous> (__tests__/integration/auth/auth.test.ts:177:31)

  ΓùÅ Auth Endpoints Integration Tests ΓÇ║ POST /api/v1/auth/change-password 
ΓÇ║ should change password successfully

    expect(received).toBe(expected) // Object.is equality

    Expected: 200
    Received: 404

    [0m [90m 245 |[39m         })[33m;[39m
     [90m 246 |[39m
    [31m[1m>[22m[39m[90m 247 |[39m       
expect(response[33m.[39mstatus)[33m.[39mtoBe([35m200[39m)[33m;[39m
     [90m     |[39m                               [31m[1m^[22m[39m
     [90m 248 |[39m       expect(response[33m.[39mbody[33m.[39mstatus)[3
3m.[39mtoBe([32m'success'[39m)[33m;[39m
     [90m 249 |[39m     })[33m;[39m
     [90m 250 |[39m[0m

      at Object.<anonymous> (__tests__/integration/auth/auth.test.ts:247:31)

  ΓùÅ Auth Endpoints Integration Tests ΓÇ║ POST /api/v1/auth/change-password 
ΓÇ║ should reject wrong current password

    expect(received).toBe(expected) // Object.is equality

    Expected: 401
    Received: 404

    [0m [90m 269 |[39m         })[33m;[39m
     [90m 270 |[39m
    [31m[1m>[22m[39m[90m 271 |[39m       
expect(response[33m.[39mstatus)[33m.[39mtoBe([35m401[39m)[33m;[39m
     [90m     |[39m                               [31m[1m^[22m[39m
     [90m 272 |[39m       expect(response[33m.[39mbody[33m.[39merror)[33
m.[39mtoBe([32m'INVALID_CREDENTIALS'[39m)[33m;[39m
     [90m 273 |[39m     })[33m;[39m
     [90m 274 |[39m   })[33m;[39m[0m

      at Object.<anonymous> (__tests__/integration/auth/auth.test.ts:271:31)

Test Suites: 1 failed, 1 passed, 2 total
Tests:       5 failed, 23 passed, 28 total
Snapshots:   0 total
Time:        4.45 s
Ran all test suites.
